// Vitest Snapshot v1, https://vitest.dev/guide/snapshot.html

exports[`type-safe-api rest generator > should generate a shared construct for deploying the API 1`] = `
"import { Construct } from 'constructs';
import { Effect, IRole, PolicyStatement } from 'aws-cdk-lib/aws-iam';
import { RuntimeConfig } from '../runtime-config/index.js';
import { Api as ApiConstruct, ApiProps as ApiConstructProps } from ':proj/test-api-infrastructure-typescript';

export interface TestApiProps extends ApiConstructProps {

}

export class TestApi extends ApiConstruct {
  constructor(scope: Construct, id: string, props: TestApiProps) {
    super(scope, id, props);

    RuntimeConfig.ensure(this).config.typeSafeApis = {
      'test-api': this.api.url!
    };
  }

  public grantInvokeAccess(role: IRole) {
    role.addToPrincipalPolicy(
      new PolicyStatement({
        effect: Effect.ALLOW,
        actions: ['execute-api:Invoke'],
        resources: [this.api.arnForExecuteApi('*', '/*', '*')],
      })
    );
  }
}
"
`;
