// Vitest Snapshot v1, https://vitest.dev/guide/snapshot.html

exports[`type-safe-api rest typescript runtime generator > should configure project.json with appropriate targets 1`] = `
{
  "$schema": "../../../node_modules/nx/schemas/project-schema.json",
  "implicitDependencies": [
    "test-api-model",
  ],
  "metadata": {
    "apiName": "test-api",
  },
  "name": "test-api-runtime-typescript",
  "projectType": "library",
  "sourceRoot": "apis/test-api-runtime/typescript/src",
  "tags": [],
  "targets": {
    "build": {
      "dependsOn": [
        "compile",
      ],
    },
    "compile": {
      "dependsOn": [
        "generate",
      ],
      "executor": "@nx/js:tsc",
      "options": {
        "assets": [
          "apis/test-api-runtime/typescript/*.md",
        ],
        "main": "apis/test-api-runtime/typescript/src/index.ts",
        "outputPath": "dist/apis/test-api-runtime/typescript",
        "tsConfig": "apis/test-api-runtime/typescript/tsconfig.lib.json",
      },
      "outputs": [
        "{options.outputPath}",
      ],
    },
    "generate": {
      "cache": true,
      "dependsOn": [
        {
          "projects": [
            "test-api-model",
          ],
          "target": "build",
        },
      ],
      "executor": "nx:run-commands",
      "options": {
        "commands": [
          "type-safe-api generate --specPath "apis/test-api-model/dist/spec.json" --outputPath "apis/test-api-runtime/typescript" --templateDirs "typescript" --metadata '{"srcDir":"src","esm":true}'",
        ],
        "parallel": false,
      },
      "outputs": [
        "{projectRoot}/.tsapi-manifest",
        "{projectRoot}/src",
      ],
    },
  },
}
`;
