// Vitest Snapshot v1, https://vitest.dev/guide/snapshot.html

exports[`type-safe-api rest typescript infrastructure generator > should configure project.json with appropriate targets 1`] = `
{
  "$schema": "../../../node_modules/nx/schemas/project-schema.json",
  "implicitDependencies": [
    "test-api-model",
    "test-api-runtime-typescript",
  ],
  "metadata": {
    "apiName": "test-api",
  },
  "name": "test-api-infrastructure-typescript",
  "projectType": "library",
  "sourceRoot": "apis/test-api-infrastructure/typescript/src",
  "tags": [],
  "targets": {
    "build": {
      "dependsOn": [
        "mocks",
        "compile",
      ],
    },
    "compile": {
      "dependsOn": [
        "generate",
      ],
      "executor": "@nx/js:tsc",
      "options": {
        "assets": [
          "apis/test-api-infrastructure/typescript/*.md",
        ],
        "main": "apis/test-api-infrastructure/typescript/src/index.ts",
        "outputPath": "dist/apis/test-api-infrastructure/typescript",
        "tsConfig": "apis/test-api-infrastructure/typescript/tsconfig.lib.json",
      },
      "outputs": [
        "{options.outputPath}",
      ],
    },
    "generate": {
      "cache": true,
      "dependsOn": [
        {
          "projects": [
            "test-api-model",
          ],
          "target": "build",
        },
      ],
      "executor": "nx:run-commands",
      "options": {
        "commands": [
          "type-safe-api generate --specPath "apis/test-api-model/dist/spec.json" --outputPath "apis/test-api-infrastructure/typescript" --templateDirs "typescript-cdk-infrastructure" --metadata '{"srcDir":"src","runtimePackageName":"test-api-runtime-typescript","relativeSpecPath":"../../../test-api-model/dist/spec.json","enableMockIntegrations":true,"x-handlers-typescript-asset-path":"../../test-api-handlers/typescript/dist","x-handlers-node-lambda-runtime-version":"NODEJS_20_X","x-handlers-python-lambda-runtime-version":"PYTHON_3_12","x-handlers-java-lambda-runtime-version":"JAVA_21","esm":true}'",
        ],
        "parallel": false,
      },
      "outputs": [
        "{projectRoot}/.tsapi-manifest",
        "{projectRoot}/src",
        "{projectRoot}/mocks",
      ],
    },
    "mocks": {
      "dependsOn": [
        {
          "projects": [
            "test-api-model",
          ],
          "target": "build",
        },
      ],
      "executor": "nx:run-commands",
      "options": {
        "commands": [
          "type-safe-api generate-mock-data --specPath "apis/test-api-model/dist/spec.json" --outputPath "apis/test-api-infrastructure/typescript"",
        ],
        "parallel": false,
      },
    },
  },
}
`;
