// Vitest Snapshot v1, https://vitest.dev/guide/snapshot.html

exports[`trpc backend generator > should generate backend and schema projects > apps/test-api/backend/src/client/index.ts 1`] = `
"import {
  createTRPCClient,
  httpBatchLink,
  httpLink,
  HTTPBatchLinkOptions,
  HTTPLinkOptions,
  splitLink,
} from '@trpc/client';

import { AppRouter } from '../router.js';
import { sigv4Fetch } from './sigv4.js';

export interface TestApiClientConfig {
  readonly url: string;
}

export const createTestApiClient = (config: TestApiClientConfig) => {
  const linkOptions: HTTPLinkOptions<any> & HTTPBatchLinkOptions<any> = {
    url: config.url,
    fetch: sigv4Fetch,
  };
  return createTRPCClient<AppRouter>({
    links: [
      splitLink({
        condition(op) {
          return op.context.skipBatch === true;
        },
        true: httpLink(linkOptions),
        false: httpBatchLink(linkOptions),
      }),
    ],
  });
};
"
`;

exports[`trpc backend generator > should generate backend and schema projects > apps/test-api/backend/src/client/sigv4.ts 1`] = `
"import { AwsClient } from 'aws4fetch';
import { fromNodeProviderChain } from '@aws-sdk/credential-providers';

const credentialProvider = fromNodeProviderChain();

export const sigv4Fetch = (async (...args) => {
  const client = new AwsClient(await credentialProvider());
  return client.fetch(...args);
}) satisfies AwsClient['fetch'];
"
`;

exports[`trpc backend generator > should generate backend and schema projects > apps/test-api/backend/src/index.ts 1`] = `
"export type { AppRouter } from './router.js';
export type { Context } from './init.js';
export * from './client/index.js';
"
`;

exports[`trpc backend generator > should generate backend and schema projects > apps/test-api/backend/src/init.ts 1`] = `
"import { initTRPC } from '@trpc/server';
import {
  createErrorPlugin,
  createLoggerPlugin,
  createMetricsPlugin,
  createTracerPlugin,
  IMiddlewareContext,
} from './middleware/index.js';

process.env.POWERTOOLS_SERVICE_NAME = 'TestApi';
process.env.POWERTOOLS_METRICS_NAMESPACE = 'TestApi';

export type Context = IMiddlewareContext;

export const t = initTRPC.context<Context>().create();

export const publicProcedure = t.procedure
  .unstable_concat(createLoggerPlugin())
  .unstable_concat(createTracerPlugin())
  .unstable_concat(createMetricsPlugin())
  .unstable_concat(createErrorPlugin());
"
`;

exports[`trpc backend generator > should generate backend and schema projects > apps/test-api/backend/src/local-server.ts 1`] = `
"import { createHTTPServer } from '@trpc/server/adapters/standalone';
import { appRouter } from './router.js';

const PORT = 2022;

createHTTPServer({
  router: appRouter,
  createContext() {
    return {
      event: {} as any,
      context: {} as any,
      info: {} as any,
    };
  },
}).listen(PORT);

console.log(\`Local TRPC server listening on port \${PORT}\`);
"
`;

exports[`trpc backend generator > should generate backend and schema projects > apps/test-api/backend/src/middleware/error.ts 1`] = `
"import { initTRPC, TRPCError } from '@trpc/server';

export const createErrorPlugin = () => {
  const t = initTRPC.context().create();
  return t.procedure.use(async (opts) => {
    const response = await opts.next({
      ctx: {
        ...opts.ctx,
      },
    });

    if (!response.ok) {
      if (response.error instanceof TRPCError) {
        throw response.error;
      }

      throw new TRPCError({
        code: 'INTERNAL_SERVER_ERROR',
        message: 'An unexpected error occurred, please try again later.',
        cause: response.error,
      });
    }

    return response;
  });
};
"
`;

exports[`trpc backend generator > should generate backend and schema projects > apps/test-api/backend/src/middleware/index.ts 1`] = `
"import { CreateAWSLambdaContextOptions } from '@trpc/server/adapters/aws-lambda';
import type { APIGatewayProxyEventV2WithIAMAuthorizer } from 'aws-lambda';
import { ILoggerContext } from './logger.js';
import { IMetricsContext } from './metrics.js';
import { ITracerContext } from './tracer.js';

export * from './logger.js';
export * from './metrics.js';
export * from './tracer.js';
export * from './error.js';

export type IMiddlewareContext =
  CreateAWSLambdaContextOptions<APIGatewayProxyEventV2WithIAMAuthorizer> &
    ILoggerContext &
    IMetricsContext &
    ITracerContext;
"
`;

exports[`trpc backend generator > should generate backend and schema projects > apps/test-api/backend/src/middleware/logger.ts 1`] = `
"import { initTRPC } from '@trpc/server';
import { Logger } from '@aws-lambda-powertools/logger';

export interface ILoggerContext {
  logger?: Logger;
}

export const createLoggerPlugin = () => {
  const t = initTRPC.context<ILoggerContext>().create();
  return t.procedure.use(async (opts) => {
    const logger = new Logger();

    const response = await opts.next({
      ctx: {
        ...opts.ctx,
        logger,
      },
    });

    if (!response.ok) {
      logger.error('Unexpected error occured', response.error.cause ?? '');
    }

    return response;
  });
};
"
`;

exports[`trpc backend generator > should generate backend and schema projects > apps/test-api/backend/src/middleware/metrics.ts 1`] = `
"import { initTRPC } from '@trpc/server';
import { Metrics, MetricUnit } from '@aws-lambda-powertools/metrics';

export interface IMetricsContext {
  metrics?: Metrics;
}

export const createMetricsPlugin = () => {
  const t = initTRPC.context<IMetricsContext>().create();

  return t.procedure.use(async (opts) => {
    const metrics = new Metrics();
    metrics.addDimensions({
      procedure: opts.path,
      type: opts.type,
    });
    metrics.captureColdStartMetric();
    metrics.addMetric('RequestCount', MetricUnit.Count, 1);

    try {
      const response = await opts.next({
        ctx: {
          ...opts.ctx,
          metrics,
        },
      });

      if (!response.ok) {
        metrics.addMetric('Failure', MetricUnit.Count, 1);
      } else {
        metrics.addMetric('Success', MetricUnit.Count, 1);
      }

      return response;
    } finally {
      metrics.publishStoredMetrics();
    }
  });
};
"
`;

exports[`trpc backend generator > should generate backend and schema projects > apps/test-api/backend/src/middleware/tracer.ts 1`] = `
"import { initTRPC } from '@trpc/server';
import { Tracer } from '@aws-lambda-powertools/tracer';
import { Subsegment } from 'aws-xray-sdk-core';

export interface ITracerContext {
  tracer?: Tracer;
}

export const createTracerPlugin = () => {
  const t = initTRPC.context<ITracerContext>().create();

  return t.procedure.use(async (opts) => {
    const tracer = new Tracer();
    const segment = tracer.getSegment();
    let handlerSegment: Subsegment | undefined;

    if (segment) {
      handlerSegment = segment.addNewSubsegment(\`## \${opts.path}\`);
      tracer.setSegment(handlerSegment);
    }

    tracer.annotateColdStart();
    tracer.addServiceNameAnnotation();

    try {
      const response = await opts.next({
        ctx: {
          ...opts.ctx,
          tracer,
        },
      });

      if (!response.ok && response.error.cause instanceof Error) {
        tracer.addErrorAsMetadata(response.error.cause);
      }
      return response;
    } finally {
      if (segment && handlerSegment) {
        handlerSegment.close();
        tracer.setSegment(segment);
      }
    }
  });
};
"
`;

exports[`trpc backend generator > should generate backend and schema projects > apps/test-api/backend/src/procedures/echo.ts 1`] = `
"import { publicProcedure } from '../init.js';
import { EchoInputSchema, EchoOutputSchema } from ':proj/test-api-schema';

export const echo = publicProcedure
  .input(EchoInputSchema)
  .output(EchoOutputSchema)
  .query((opts) => ({ result: opts.input.message }));
"
`;

exports[`trpc backend generator > should generate backend and schema projects > apps/test-api/backend/src/router.ts 1`] = `
"import {
  awsLambdaRequestHandler,
  CreateAWSLambdaContextOptions,
} from '@trpc/server/adapters/aws-lambda';
import { echo } from './procedures/echo.js';
import { t } from './init.js';
import { APIGatewayProxyEventV2WithIAMAuthorizer } from 'aws-lambda';

export const router = t.router;

export const appRouter = router({
  echo,
});

export const handler = awsLambdaRequestHandler({
  router: appRouter,
  createContext: (
    ctx: CreateAWSLambdaContextOptions<APIGatewayProxyEventV2WithIAMAuthorizer>,
  ) => ctx,
});

export type AppRouter = typeof appRouter;
"
`;

exports[`trpc backend generator > should generate backend and schema projects > apps/test-api/schema/src/index.ts 1`] = `
"export * from './procedures/echo.js';
"
`;

exports[`trpc backend generator > should generate backend and schema projects > apps/test-api/schema/src/procedures/echo.ts 1`] = `
"import { z } from 'zod';

export const EchoInputSchema = z.object({
  message: z.string(),
});

export type IEchoInput = z.TypeOf<typeof EchoInputSchema>;

export const EchoOutputSchema = z.object({
  result: z.string(),
});

export type IEchoOutput = z.TypeOf<typeof EchoOutputSchema>;
"
`;

exports[`trpc backend generator > should set up shared constructs > http-api.ts 1`] = `
"import { Construct } from 'constructs';
import { CfnOutput, Duration } from 'aws-cdk-lib';
import {
  CorsHttpMethod,
  HttpApi as _HttpApi,
  HttpMethod,
  IHttpRouteAuthorizer,
} from 'aws-cdk-lib/aws-apigatewayv2';
import { HttpLambdaIntegration } from 'aws-cdk-lib/aws-apigatewayv2-integrations';
import { Code, Function, Runtime, Tracing } from 'aws-cdk-lib/aws-lambda';
import { Grant, IGrantable } from 'aws-cdk-lib/aws-iam';
import { RuntimeConfig } from './runtime-config.js';

export interface HttpApiProps {
  readonly apiName: string;
  readonly handler: string;
  readonly handlerFilePath: string;
  readonly runtime: Runtime;
  readonly defaultAuthorizer: IHttpRouteAuthorizer;
  readonly allowedOrigins?: string[];
}

export class HttpApi extends Construct {
  public readonly api: _HttpApi;
  public readonly routerFunction: Function;

  constructor(scope: Construct, id: string, props: HttpApiProps) {
    super(scope, id);

    this.routerFunction = new Function(this, \`\${id}Handler\`, {
      timeout: Duration.seconds(30),
      runtime: props.runtime,
      handler: props.handler,
      code: Code.fromAsset(props.handlerFilePath),
      tracing: Tracing.ACTIVE,
      environment: {
        AWS_CONNECTION_REUSE_ENABLED: '1',
      },
    });

    this.api = new _HttpApi(this, id, {
      corsPreflight: {
        allowOrigins: props.allowedOrigins ?? ['*'],
        allowMethods: [CorsHttpMethod.ANY],
        allowHeaders: [
          'authorization',
          'content-type',
          'x-amz-content-sha256',
          'x-amz-date',
          'x-amz-security-token',
        ],
      },
      defaultAuthorizer: props.defaultAuthorizer,
    });

    this.api.addRoutes({
      path: '/{proxy+}',
      methods: [
        HttpMethod.GET,
        HttpMethod.DELETE,
        HttpMethod.POST,
        HttpMethod.PUT,
        HttpMethod.PATCH,
        HttpMethod.HEAD,
      ],
      integration: new HttpLambdaIntegration(
        'RouterIntegration',
        this.routerFunction,
      ),
    });

    new CfnOutput(this, \`\${props.apiName}Url\`, { value: this.api.url! });

    RuntimeConfig.ensure(this).config.httpApis = {
      ...RuntimeConfig.ensure(this).config.httpApis!,
      [props.apiName]: this.api.url!,
    };
  }

  public grantInvokeAccess(grantee: IGrantable) {
    Grant.addToPrincipal({
      grantee,
      actions: ['execute-api:Invoke'],
      resourceArns: [this.api.arnForExecuteApi('*', '/*', '*')],
    });
  }
}
"
`;

exports[`trpc backend generator > should set up shared constructs > index.ts 1`] = `
"export * from './test-api.js';
"
`;

exports[`trpc backend generator > should set up shared constructs > test-api.ts 1`] = `
"import { Construct } from 'constructs';
import * as url from 'url';
import { HttpApi } from '../../core/http-api.js';
import { HttpIamAuthorizer } from 'aws-cdk-lib/aws-apigatewayv2-authorizers';
import { Runtime } from 'aws-cdk-lib/aws-lambda';

export class TestApi extends HttpApi {
  constructor(scope: Construct, id: string) {
    super(scope, id, {
      defaultAuthorizer: new HttpIamAuthorizer(),
      apiName: 'TestApi',
      runtime: Runtime.NODEJS_LATEST,
      handler: 'index.handler',
      handlerFilePath: url.fileURLToPath(
        new URL(
          '../../../../../../dist/apps/test-api/backend/bundle',
          import.meta.url,
        ),
      ),
    });
  }
}
"
`;
