// Vitest Snapshot v1, https://vitest.dev/guide/snapshot.html

exports[`runtime-config generator > should generate runtime config files > runtime-config-component.tsx 1`] = `
"import { Spinner } from '@cloudscape-design/components';
import React, {
  createContext,
  PropsWithChildren,
  useEffect,
  useState,
} from 'react';

// Consider specifying types if desired
export type IRuntimeConfig = any;

/**
 * Context for storing the runtimeConfig.
 */
export const RuntimeConfigContext = createContext<IRuntimeConfig | undefined>(
  undefined,
);

/**
 * Apply any overrides to point to local servers/resources here
 * for the serve-local target
 */
const applyOverrides = (runtimeConfig: IRuntimeConfig) => {
  if (import.meta.env.MODE === 'serve-local') {
    // Add local server urls here
  }
  return runtimeConfig;
};

/**
 * Sets up the runtimeConfig.
 *
 * This assumes a runtime-config.json file is present at '/'.
 */
const RuntimeConfigProvider: React.FC<PropsWithChildren> = ({ children }) => {
  const [runtimeConfig, setRuntimeConfig] = useState<
    IRuntimeConfig | undefined
  >();
  useEffect(() => {
    (async () => {
      try {
        setRuntimeConfig(
          applyOverrides(await (await fetch('/runtime-config.json')).json()),
        );
      } catch {
        setRuntimeConfig(applyOverrides({ apis: {} } as any));
      }
    })();
  }, [setRuntimeConfig]);

  return runtimeConfig ? (
    <RuntimeConfigContext.Provider value={runtimeConfig}>
      {children}
    </RuntimeConfigContext.Provider>
  ) : (
    <Spinner />
  );
};

export default RuntimeConfigProvider;
"
`;

exports[`runtime-config generator > should modify main.tsx correctly > modified-main.tsx 1`] = `
"import RuntimeConfigProvider from './components/RuntimeConfig';
import { RouterProvider } from '@tanstack/react-router';

export function App() {
  const App = () => <RouterProvider router={router} />;

  return (
    <RuntimeConfigProvider>
      <App />
    </RuntimeConfigProvider>
  );
}
"
`;
