// Vitest Snapshot v1, https://vitest.dev/guide/snapshot.html

exports[`config utils > should update user config 1`] = `
"import { AwsNxPluginConfig } from '@aws/nx-plugin';

export default {
  license: {
    header: {
      content: { lines: ['Test Copyright Header'] },
      format: {
        '**/*.ts': { blockStart: '/**', lineStart: ' * ', blockEnd: ' */' },
      },
    },
  },
} satisfies AwsNxPluginConfig;
"
`;
