// Vitest Snapshot v1, https://vitest.dev/guide/snapshot.html

exports[`fastapi project generator > should match snapshot > main-snapshot 1`] = `
{
  "apps/test_api/test_api/__init__.py": """"Automatically generated by Nx."""
",
  "apps/test_api/test_api/main.py": "from fastapi import FastAPI
from mangum import Mangum

app = FastAPI(
    title="TestApi"
)
handler = Mangum(app)

@app.get("/")
def read_root():
    return {"Hello": "World"}",
  "apps/test_api/tests/__init__.py": """"unit tests."""
",
  "apps/test_api/tests/conftest.py": """"Unit tests configuration module."""

pytest_plugins = []
",
  "apps/test_api/tests/test_main.py": "# 
# Copyright Amazon.com, Inc. or its affiliates. All Rights Reserved.
# SPDX-License-Identifier: Apache-2.0
# 

def test_main():
    pass
",
}
`;
