// Vitest Snapshot v1, https://vitest.dev/guide/snapshot.html

exports[`type-safe-api rest typescript handlers generator > should configure project.json with appropriate targets 1`] = `
{
  "$schema": "../../../node_modules/nx/schemas/project-schema.json",
  "implicitDependencies": [
    "test-api-runtime-typescript",
  ],
  "metadata": {
    "apiName": "test-api",
  },
  "name": "test-api-handlers-typescript",
  "projectType": "library",
  "sourceRoot": "apis/test-api-handlers/typescript/src",
  "tags": [],
  "targets": {
    "build": {
      "dependsOn": [
        "bundle",
        "compile",
        "lint",
        "test",
      ],
    },
    "bundle": {
      "dependsOn": [
        "compile",
      ],
      "executor": "nx:run-commands",
      "options": {
        "commands": [
          "rm -rf "apis/test-api-handlers/typescript/dist" && mkdir -p "apis/test-api-handlers/typescript/dist"",
          "esbuild --bundle "apis/test-api-handlers/typescript/src/*.ts" --platform=node --outdir="apis/test-api-handlers/typescript/dist" --target=node18",
          "for f in $(ls "apis/test-api-handlers/typescript/dist"); do mkdir "apis/test-api-handlers/typescript/dist/$(basename $f .js)" && mv "apis/test-api-handlers/typescript/dist/$f" "apis/test-api-handlers/typescript/dist/$(basename $f .js)/index.js"; done",
        ],
        "parallel": false,
      },
    },
    "compile": {
      "dependsOn": [
        "generate",
      ],
      "executor": "@nx/js:tsc",
      "options": {
        "assets": [
          "apis/test-api-handlers/typescript/*.md",
        ],
        "main": "apis/test-api-handlers/typescript/src/index.ts",
        "outputPath": "dist/apis/test-api-handlers/typescript",
        "tsConfig": "apis/test-api-handlers/typescript/tsconfig.lib.json",
      },
      "outputs": [
        "{options.outputPath}",
      ],
    },
    "generate": {
      "cache": true,
      "dependsOn": [
        {
          "projects": [
            "test-api-model",
          ],
          "target": "build",
        },
      ],
      "executor": "nx:run-commands",
      "options": {
        "commands": [
          "type-safe-api generate --specPath "apis/test-api-model/dist/spec.json" --outputPath "apis/test-api-handlers/typescript" --templateDirs "typescript-lambda-handlers" --metadata '{"srcDir":"src","tstDir":"src","runtimePackageName":"test-api-runtime-typescript","esm":true,"vitest":true}'",
        ],
        "parallel": false,
      },
      "outputs": [
        "{projectRoot}/.tsapi-manifest",
        "{projectRoot}/src",
      ],
    },
    "lint": {
      "executor": "@nx/eslint:lint",
    },
    "test": {
      "dependsOn": [
        "generate",
      ],
      "executor": "@nx/vite:test",
      "options": {
        "reportsDirectory": "../../../coverage/apis/test-api-handlers/typescript",
      },
      "outputs": [
        "{options.reportsDirectory}",
      ],
    },
  },
}
`;
